


ARM Macro Assembler    Page 1 


    1 00000000                 AREA             ARMex, CODE, READONLY
    2 00000000                 ENTRY
    3 00000000         
    4 00000000         Main
    5 00000000 E59F0088        LDR              r0, Address1 ;Load the memory
    6 00000004 E59F1088        LDR              r1, =Arry   ;Load the arry
    7 00000008 EAFFFFFF        B                Calculation ;go to Calculation
    8 0000000C         
    9 0000000C         Calculation                          ;This calculation a
                                                            dds values sequenti
                                                            ally
   10 0000000C E4913004        LDR              r3,[r1],#4  ;Load the data to r
                                                            3 from r1
   11 00000010 E0822003        ADD              r2,r2,r3    ;r2=r2+r3
   12 00000014 E4913004        LDR              r3,[r1],#4
   13 00000018 E0822003        ADD              r2,r2,r3
   14 0000001C E4913004        LDR              r3,[r1],#4
   15 00000020 E0822003        ADD              r2,r2,r3
   16 00000024 E4913004        LDR              r3,[r1],#4
   17 00000028 E0822003        ADD              r2,r2,r3
   18 0000002C E4913004        LDR              r3,[r1],#4
   19 00000030 E0822003        ADD              r2,r2,r3
   20 00000034 E4913004        LDR              r3,[r1],#4
   21 00000038 E0822003        ADD              r2,r2,r3
   22 0000003C E4913004        LDR              r3,[r1],#4
   23 00000040 E0822003        ADD              r2,r2,r3
   24 00000044 E4913004        LDR              r3,[r1],#4
   25 00000048 E0822003        ADD              r2,r2,r3
   26 0000004C E4913004        LDR              r3,[r1],#4
   27 00000050 E0822003        ADD              r2,r2,r3
   28 00000054 E4913004        LDR              r3,[r1],#4
   29 00000058 E0822003        ADD              r2,r2,r3
   30 0000005C         
   31 0000005C E5802000        STR              r2,[r0]     ;Store the r2 to r0
                                                            
   32 00000060         
   33 00000060 EAFFFFFF        B                Finish      ;go to Finish
   34 00000064         
   35 00000064         Finish
   36 00000064 E1A0F00E        MOV              pc, lr
   37 00000068         
   38 00000068 0000000B 
              0000000D 
              0000000F 
              00000011 
              00000013 
              00000015 
              00000017 
              00000019 
              0000001B 
              0000001D Arry    DCD              11,13,15,17,19,21,23,25,27,29
   39 00000090 00004000 
                       Address1
                               &                0x0004000
   40 00000094                 END
              00000000 
Command Line: --debug --xref --diag_suppress=9931 --cpu=ARM9E --apcs=interwork 
--depend=.\objects\task3-3.d -o.\objects\task3-3.o -IC:\Keil_v5\ARM\RV31\INC -I
C:\Keil_v5\ARM\CMSIS\Include --predefine="__EVAL SETA 1" --predefine="__UVISION



ARM Macro Assembler    Page 2 


_VERSION SETA 526" --list=.\listings\task3-3.lst task3-3.s



ARM Macro Assembler    Page 1 Alphabetic symbol ordering
Relocatable symbols

ARMex 00000000

Symbol: ARMex
   Definitions
      At line 1 in file task3-3.s
   Uses
      None
Comment: ARMex unused
Address1 00000090

Symbol: Address1
   Definitions
      At line 39 in file task3-3.s
   Uses
      At line 5 in file task3-3.s
Comment: Address1 used once
Arry 00000068

Symbol: Arry
   Definitions
      At line 38 in file task3-3.s
   Uses
      At line 6 in file task3-3.s
Comment: Arry used once
Calculation 0000000C

Symbol: Calculation
   Definitions
      At line 9 in file task3-3.s
   Uses
      At line 7 in file task3-3.s
Comment: Calculation used once
Finish 00000064

Symbol: Finish
   Definitions
      At line 35 in file task3-3.s
   Uses
      At line 33 in file task3-3.s
Comment: Finish used once
Main 00000000

Symbol: Main
   Definitions
      At line 4 in file task3-3.s
   Uses
      None
Comment: Main unused
6 symbols
340 symbols in table
