Component: ARM Compiler 5.06 update 6 (build 750) Tool: armlink [4d35ed]

==============================================================================

Section Cross References

    project.o(Floatingpoint) refers to project.o(data) for Matrix_data


==============================================================================

Image Symbol Table

    Local Symbols

    Symbol Name                              Value     Ov Type        Size  Object(Section)

    Floatingpoint                            0x00000000   Section      960  project.o(Floatingpoint)
    Project.s                                0x00000000   Number         0  project.o ABSOLUTE
    data                                     0x000003c0   Section      408  project.o(data)
    Matrix_data                              0x000003c0   Data           0  project.o(data)

    Global Symbols

    Symbol Name                              Value     Ov Type        Size  Object(Section)

    BuildAttributes$$THM_ISAv2$ARM_ISAv5$E$P$S$PE$A:L22$X:L11$S22$IEEE1$IW$USESV6$~STKCKD$USESV7$~SHL$OSPACE$EBA8$STANDARDLIB$EABIv2 0x00000000   Number         0  anon$$obj.o ABSOLUTE



==============================================================================

Memory Map of the image

  Image Entry point : 0x00000000

  Load Region LR_1 (Base: 0x00000000, Size: 0x00000558, Max: 0xffffffff, ABSOLUTE)

    Execution Region ER_RO (Exec base: 0x00000000, Load base: 0x00000000, Size: 0x000003c0, Max: 0xffffffff, ABSOLUTE)

    Exec Addr    Load Addr    Size         Type   Attr      Idx    E Section Name        Object

    0x00000000   0x00000000   0x000003c0   Code   RO            1  * Floatingpoint       project.o


    Execution Region ER_RW (Exec base: 0x000003c0, Load base: 0x000003c0, Size: 0x00000198, Max: 0xffffffff, ABSOLUTE)

    Exec Addr    Load Addr    Size         Type   Attr      Idx    E Section Name        Object

    0x000003c0   0x000003c0   0x00000198   Data   RW            2    data                project.o


    Execution Region ER_ZI (Exec base: 0x00000558, Load base: 0x00000558, Size: 0x00000000, Max: 0xffffffff, ABSOLUTE)

    **** No section assigned to this execution region ****


==============================================================================

Image component sizes


      Code (inc. data)   RO Data    RW Data    ZI Data      Debug   Object Name

       960         32          0        408          0        492   project.o

    ----------------------------------------------------------------------
       960         32          0        408          0        492   Object Totals
         0          0          0          0          0          0   (incl. Generated)
         0          0          0          0          0          0   (incl. Padding)

    ----------------------------------------------------------------------
         0          0          0          0          0          0   Library Totals
         0          0          0          0          0          0   (incl. Padding)

    ----------------------------------------------------------------------

==============================================================================


      Code (inc. data)   RO Data    RW Data    ZI Data      Debug   

       960         32          0        408          0        492   Grand Totals
       960         32          0        408          0        492   ELF Image Totals
       960         32          0        408          0          0   ROM Totals

==============================================================================

    Total RO  Size (Code + RO Data)                  960 (   0.94kB)
    Total RW  Size (RW Data + ZI Data)               408 (   0.40kB)
    Total ROM Size (Code + RO Data + RW Data)       1368 (   1.34kB)

==============================================================================

